{
    "Should run without failures": {
        "content": [
            {
                "0": [
                    [
                        "test_patient",
                        "sample",
                        "test_patient_sample.adj.maf:md5,22fc4d2789c22649822aa2068f68d5aa"
                    ]
                ],
                "fixed_maf": [
                    [
                        "test_patient",
                        "sample",
                        "test_patient_sample.adj.maf:md5,22fc4d2789c22649822aa2068f68d5aa"
                    ]
                ]
            }
        ],
        "meta": {
            "nf-test": "0.8.4",
            "nextflow": "23.10.1"
        },
        "timestamp": "2024-03-20T11:19:49.139114"
    }
}